+- TRUST ROOT SIGNATURE-------------------------------------------------------+
| LOW  VALID                                                                  |
| TRUST STORE     wardex-trust.yaml                                           |
| ACTIVE KEYS     3                                                           |
| REVOKED         1                                                           |
| ADMIN KEY       admin-01                                                    |
+-----------------------------------------------------------------------------+

+- EXECUTIVE SUMMARY----------------------------------------------------VALID +
| STORE           wardex-trust.yaml                                           |
| ACTIVE          3                                                           |
| REVOKED         1                                                           |
+-----------------------------------------------------------------------------+
